tokenize_Out:
NAME: def, NAME: n, OP: =, INT: 10, NAME: def, NAME: a, OP: =, INT: 0, NAME: def, NAME: b, OP: =, INT: 1, NAME: def, NAME: c, OP: =, INT: 0, NAME: while, NAME: n, OP: >, INT: 0, TABS: 1, NAME: c, OP: =, NAME: a, OP: +, NAME: b, TABS: 1, NAME: b, OP: =, NAME: a, TABS: 1, NAME: a, OP: =, NAME: c, TABS: 1, NAME: n, OP: =, NAME: n, OP: -, INT: 1, NAME: print, NAME: a, EOF: line 12
__SECTION__
tokenize_Err:

__SECTION__
compile_Out:
0 errors
44 instructions [4, 10, 4, 0, 4, 1, 4, 0, 9, 0, 4, 0, 21, 16, 25, 0, 9, 1, 9, 2, 23, 10, 3, 9, 1, 10, 2, 9, 3, 10, 1, 9, 0, 4, 1, 24, 10, 0, 12, 225, 255, 9, 1, 30]
__SECTION__
compile_Err:

__SECTION__
simulation_Out:
0    	OP_INT1 => 10 --
2    	OP_INT1 => 0 --
4    	OP_INT1 => 1 --
6    	OP_INT1 => 0 --
8    	OP_LOAD => var0 (10) --
10   	OP_INT1 => 0 --
12   	OP_GT => True --
13   	OP_JUMP_IF_FALSE_POP => !jump 25 --
16   	OP_LOAD => var1 (0) --
18   	OP_LOAD => var2 (1) --
20   	OP_ADD => 1 --
21   	OP_STORE => var3 = 1 (was 0) --
23   	OP_LOAD => var1 (0) --
25   	OP_STORE => var2 = 0 (was 1) --
27   	OP_LOAD => var3 (1) --
29   	OP_STORE => var1 = 1 (was 0) --
31   	OP_LOAD => var0 (10) --
33   	OP_INT1 => 1 --
35   	OP_SUB => 9 --
36   	OP_STORE => var0 = 9 (was 10) --
38   	OP_JUMP => jumped -31 --
10   	OP_INT1 => 0 --
12   	OP_GT => True --
13   	OP_JUMP_IF_FALSE_POP => !jump 25 --
16   	OP_LOAD => var1 (1) --
18   	OP_LOAD => var2 (0) --
20   	OP_ADD => 1 --
21   	OP_STORE => var3 = 1 (was 1) --
23   	OP_LOAD => var1 (1) --
25   	OP_STORE => var2 = 1 (was 0) --
27   	OP_LOAD => var3 (1) --
29   	OP_STORE => var1 = 1 (was 1) --
31   	OP_LOAD => var0 (9) --
33   	OP_INT1 => 1 --
35   	OP_SUB => 8 --
36   	OP_STORE => var0 = 8 (was 9) --
38   	OP_JUMP => jumped -31 --
10   	OP_INT1 => 0 --
12   	OP_GT => True --
13   	OP_JUMP_IF_FALSE_POP => !jump 25 --
16   	OP_LOAD => var1 (1) --
18   	OP_LOAD => var2 (1) --
20   	OP_ADD => 2 --
21   	OP_STORE => var3 = 2 (was 1) --
23   	OP_LOAD => var1 (1) --
25   	OP_STORE => var2 = 1 (was 1) --
27   	OP_LOAD => var3 (2) --
29   	OP_STORE => var1 = 2 (was 1) --
31   	OP_LOAD => var0 (8) --
33   	OP_INT1 => 1 --
35   	OP_SUB => 7 --
36   	OP_STORE => var0 = 7 (was 8) --
38   	OP_JUMP => jumped -31 --
10   	OP_INT1 => 0 --
12   	OP_GT => True --
13   	OP_JUMP_IF_FALSE_POP => !jump 25 --
16   	OP_LOAD => var1 (2) --
18   	OP_LOAD => var2 (1) --
20   	OP_ADD => 3 --
21   	OP_STORE => var3 = 3 (was 2) --
23   	OP_LOAD => var1 (2) --
25   	OP_STORE => var2 = 2 (was 1) --
27   	OP_LOAD => var3 (3) --
29   	OP_STORE => var1 = 3 (was 2) --
31   	OP_LOAD => var0 (7) --
33   	OP_INT1 => 1 --
35   	OP_SUB => 6 --
36   	OP_STORE => var0 = 6 (was 7) --
38   	OP_JUMP => jumped -31 --
10   	OP_INT1 => 0 --
12   	OP_GT => True --
13   	OP_JUMP_IF_FALSE_POP => !jump 25 --
16   	OP_LOAD => var1 (3) --
18   	OP_LOAD => var2 (2) --
20   	OP_ADD => 5 --
21   	OP_STORE => var3 = 5 (was 3) --
23   	OP_LOAD => var1 (3) --
25   	OP_STORE => var2 = 3 (was 2) --
27   	OP_LOAD => var3 (5) --
29   	OP_STORE => var1 = 5 (was 3) --
31   	OP_LOAD => var0 (6) --
33   	OP_INT1 => 1 --
35   	OP_SUB => 5 --
36   	OP_STORE => var0 = 5 (was 6) --
38   	OP_JUMP => jumped -31 --
10   	OP_INT1 => 0 --
12   	OP_GT => True --
13   	OP_JUMP_IF_FALSE_POP => !jump 25 --
16   	OP_LOAD => var1 (5) --
18   	OP_LOAD => var2 (3) --
20   	OP_ADD => 8 --
21   	OP_STORE => var3 = 8 (was 5) --
23   	OP_LOAD => var1 (5) --
25   	OP_STORE => var2 = 5 (was 3) --
27   	OP_LOAD => var3 (8) --
29   	OP_STORE => var1 = 8 (was 5) --
31   	OP_LOAD => var0 (5) --
33   	OP_INT1 => 1 --
35   	OP_SUB => 4 --
36   	OP_STORE => var0 = 4 (was 5) --
38   	OP_JUMP => jumped -31 --
10   	OP_INT1 => 0 --
12   	OP_GT => True --
13   	OP_JUMP_IF_FALSE_POP => !jump 25 --
16   	OP_LOAD => var1 (8) --
18   	OP_LOAD => var2 (5) --
20   	OP_ADD => 13 --
21   	OP_STORE => var3 = 13 (was 8) --
23   	OP_LOAD => var1 (8) --
25   	OP_STORE => var2 = 8 (was 5) --
27   	OP_LOAD => var3 (13) --
29   	OP_STORE => var1 = 13 (was 8) --
31   	OP_LOAD => var0 (4) --
33   	OP_INT1 => 1 --
35   	OP_SUB => 3 --
36   	OP_STORE => var0 = 3 (was 4) --
38   	OP_JUMP => jumped -31 --
10   	OP_INT1 => 0 --
12   	OP_GT => True --
13   	OP_JUMP_IF_FALSE_POP => !jump 25 --
16   	OP_LOAD => var1 (13) --
18   	OP_LOAD => var2 (8) --
20   	OP_ADD => 21 --
21   	OP_STORE => var3 = 21 (was 13) --
23   	OP_LOAD => var1 (13) --
25   	OP_STORE => var2 = 13 (was 8) --
27   	OP_LOAD => var3 (21) --
29   	OP_STORE => var1 = 21 (was 13) --
31   	OP_LOAD => var0 (3) --
33   	OP_INT1 => 1 --
35   	OP_SUB => 2 --
36   	OP_STORE => var0 = 2 (was 3) --
38   	OP_JUMP => jumped -31 --
10   	OP_INT1 => 0 --
12   	OP_GT => True --
13   	OP_JUMP_IF_FALSE_POP => !jump 25 --
16   	OP_LOAD => var1 (21) --
18   	OP_LOAD => var2 (13) --
20   	OP_ADD => 34 --
21   	OP_STORE => var3 = 34 (was 21) --
23   	OP_LOAD => var1 (21) --
25   	OP_STORE => var2 = 21 (was 13) --
27   	OP_LOAD => var3 (34) --
29   	OP_STORE => var1 = 34 (was 21) --
31   	OP_LOAD => var0 (2) --
33   	OP_INT1 => 1 --
35   	OP_SUB => 1 --
36   	OP_STORE => var0 = 1 (was 2) --
38   	OP_JUMP => jumped -31 --
10   	OP_INT1 => 0 --
12   	OP_GT => True --
13   	OP_JUMP_IF_FALSE_POP => !jump 25 --
16   	OP_LOAD => var1 (34) --
18   	OP_LOAD => var2 (21) --
20   	OP_ADD => 55 --
21   	OP_STORE => var3 = 55 (was 34) --
23   	OP_LOAD => var1 (34) --
25   	OP_STORE => var2 = 34 (was 21) --
27   	OP_LOAD => var3 (55) --
29   	OP_STORE => var1 = 55 (was 34) --
31   	OP_LOAD => var0 (1) --
33   	OP_INT1 => 1 --
35   	OP_SUB => 0 --
36   	OP_STORE => var0 = 0 (was 1) --
38   	OP_JUMP => jumped -31 --
10   	OP_INT1 => 0 --
12   	OP_GT => False --
13   	OP_JUMP_IF_FALSE_POP => jump 25 --
41   	OP_LOAD => var1 (55) --
43   	OP_PRINT => print 55 --
__SECTION__
simulation_Err:
