tokenize_Out:
NAME: def, NAME: test, AUX: (, NAME: argA, NAME: i, AUX: ,, NAME: argB, NAME: i, AUX: ), TABS: 1, NAME: def, NAME: c, OP: =, NAME: argA, OP: +, NAME: argB, TABS: 1, NAME: c, OP: =, NAME: c, OP: +, INT: 1, INT: 1, OP: +, INT: 2, EOF: line 5
__SECTION__
tokenize_Err:

__SECTION__
compile_Out:
0 errors
5 instructions [4, 1, 4, 2, 23]
__SECTION__
compile_Err:

__SECTION__
simulation_Out:
0    	OP_INT1 => 1 --
2    	OP_INT1 => 2 --
4    	OP_ADD => 3 --
__SECTION__
simulation_Err:
