tokenize_Out:
NAME: def, NAME: a, OP: =, INT: 5, NAME: if, NAME: a, OP: >, INT: 1, TABS: 1, NAME: print, STRING: > 1, NAME: if, NAME: a, OP: <, INT: 1, TABS: 1, NAME: print, STRING: < 1, NAME: elif, NAME: a, OP: <, INT: 4, TABS: 1, NAME: print, STRING: < 4, NAME: elif, NAME: a, OP: <, INT: 6, TABS: 1, NAME: print, STRING: < 6, NAME: else, TABS: 1, NAME: print, STRING: idk, NAME: if, NAME: false, TABS: 1, NAME: print, STRING: oops, NAME: elif, NAME: true, TABS: 1, NAME: print, STRING: yes, NAME: print, STRING: END, EOF: line 19
__SECTION__
tokenize_Err:

__SECTION__
compile_Out:
0 errors
103 instructions [4, 5, 9, 0, 4, 1, 21, 16, 9, 0, 8, 62, 32, 49, 0, 28, 9, 0, 4, 1, 19, 16, 9, 0, 8, 60, 32, 49, 0, 28, 12, 38, 0, 9, 0, 4, 4, 19, 16, 9, 0, 8, 60, 32, 52, 0, 28, 12, 22, 0, 9, 0, 4, 6, 19, 16, 9, 0, 8, 60, 32, 54, 0, 28, 12, 6, 0, 8, 105, 100, 107, 0, 28, 3, 16, 10, 0, 8, 111, 111, 112, 115, 0, 28, 12, 10, 0, 2, 16, 9, 0, 8, 121, 101, 115, 0, 28, 8, 69, 78, 68, 0, 28]
__SECTION__
compile_Err:

__SECTION__
simulation_Out:
0    	OP_INT1 => 5 --
2    	OP_LOAD => var0 (5) --
4    	OP_INT1 => 1 --
6    	OP_GT => True --
7    	OP_JUMP_IF_FALSE_POP => !jump 9 --
10   	OP_STRING => > 1 --
15   	OP_PRINT => print > 1 --
16   	OP_LOAD => var0 (5) --
18   	OP_INT1 => 1 --
20   	OP_LT => False --
21   	OP_JUMP_IF_FALSE_POP => jump 9 --
33   	OP_LOAD => var0 (5) --
35   	OP_INT1 => 4 --
37   	OP_LT => False --
38   	OP_JUMP_IF_FALSE_POP => jump 9 --
50   	OP_LOAD => var0 (5) --
52   	OP_INT1 => 6 --
54   	OP_LT => True --
55   	OP_JUMP_IF_FALSE_POP => !jump 9 --
58   	OP_STRING => < 6 --
63   	OP_PRINT => print < 6 --
64   	OP_JUMP => jumped 6 --
73   	OP_FALSE =>  --
74   	OP_JUMP_IF_FALSE_POP => jump 10 --
87   	OP_TRUE =>  --
88   	OP_JUMP_IF_FALSE_POP => !jump 9 --
91   	OP_STRING => yes --
96   	OP_PRINT => print yes --
97   	OP_STRING => END --
102  	OP_PRINT => print END --
__SECTION__
simulation_Err:
