tokenize_Out:
NAME: def, NAME: test, OP: =, OP: -, INT: 1, OP: ==, INT: 0, OP: -, INT: 1, NAME: while, NAME: test, TABS: 1, NAME: test, OP: =, NAME: false, NAME: while, OP: !, NAME: test, TABS: 1, NAME: test, OP: =, NAME: true, NAME: print, STRING: END, EOF: line 9
__SECTION__
tokenize_Err:

__SECTION__
compile_Out:
0 errors
36 instructions [4, 255, 4, 0, 4, 1, 24, 17, 9, 0, 16, 6, 0, 3, 10, 0, 12, 247, 255, 9, 0, 15, 6, 0, 2, 10, 0, 12, 247, 255, 8, 69, 78, 68, 0, 30]
__SECTION__
compile_Err:

__SECTION__
simulation_Out:
0    	OP_INT1 => -1 --
2    	OP_INT1 => 0 --
4    	OP_INT1 => 1 --
6    	OP_SUB => -1 --
7    	OP_EQ => True --
8    	OP_LOAD => var0 (True) --
10   	OP_JUMP_IF_FALSE_POP => !jump 6 --
13   	OP_FALSE =>  --
14   	OP_STORE => var0 = False (was True) --
16   	OP_JUMP => jumped -9 --
10   	OP_JUMP_IF_FALSE_POP => jump 6 --
19   	OP_LOAD => var0 (False) --
21   	OP_JUMP_IF_POP => !jump 6 --
24   	OP_TRUE =>  --
25   	OP_STORE => var0 = True (was False) --
27   	OP_JUMP => jumped -9 --
21   	OP_JUMP_IF_POP => jump 6 --
30   	OP_STRING => END --
35   	OP_PRINT => print END --
__SECTION__
simulation_Err:
