tokenize_Out:
NAME: def, NAME: hello, OP: =, INT: 34, NAME: def, NAME: dear, OP: =, FLOAT: 34.5, NAME: def, NAME: equal, OP: =, NAME: hello, OP: ==, AUX: (, NAME: dear, OP: -, FLOAT: 0.5, AUX: ), EOF: line 2
__SECTION__
tokenize_Err:

__SECTION__
compile_Out:
0 errors
18 instructions [4, 34, 7, 0, 0, 10, 66, 9, 0, 9, 1, 7, 0, 0, 0, 63, 24, 17]
__SECTION__
compile_Err:

__SECTION__
simulation_Out:
0    	OP_INT1 => 34 --
2    	OP_FLOAT => 34.5 --
7    	OP_LOAD => var0 (34) --
9    	OP_LOAD => var1 (34.5) --
11   	OP_FLOAT => 0.5 --
16   	OP_SUB => 34.0 --
17   	OP_EQ => True --
__SECTION__
simulation_Err:
