tokenize_Out:
NAME: def, NAME: a, OP: =, INT: 5, NAME: while, NAME: a, OP: >, INT: 1, TABS: 1, NAME: a, OP: =, NAME: a, OP: -, INT: 1, NAME: print, NAME: a, EOF: line 3
__SECTION__
tokenize_Err:

__SECTION__
compile_Out:
0 errors
23 instructions [4, 5, 9, 0, 4, 1, 21, 16, 10, 0, 9, 0, 4, 1, 24, 10, 0, 12, 240, 255, 9, 0, 30]
__SECTION__
compile_Err:

__SECTION__
simulation_Out:
0    	OP_INT1 => 5 --
2    	OP_LOAD => var0 (5) --
4    	OP_INT1 => 1 --
6    	OP_GT => True --
7    	OP_JUMP_IF_FALSE_POP => !jump 10 --
10   	OP_LOAD => var0 (5) --
12   	OP_INT1 => 1 --
14   	OP_SUB => 4 --
15   	OP_STORE => var0 = 4 (was 5) --
17   	OP_JUMP => jumped -16 --
4    	OP_INT1 => 1 --
6    	OP_GT => True --
7    	OP_JUMP_IF_FALSE_POP => !jump 10 --
10   	OP_LOAD => var0 (4) --
12   	OP_INT1 => 1 --
14   	OP_SUB => 3 --
15   	OP_STORE => var0 = 3 (was 4) --
17   	OP_JUMP => jumped -16 --
4    	OP_INT1 => 1 --
6    	OP_GT => True --
7    	OP_JUMP_IF_FALSE_POP => !jump 10 --
10   	OP_LOAD => var0 (3) --
12   	OP_INT1 => 1 --
14   	OP_SUB => 2 --
15   	OP_STORE => var0 = 2 (was 3) --
17   	OP_JUMP => jumped -16 --
4    	OP_INT1 => 1 --
6    	OP_GT => True --
7    	OP_JUMP_IF_FALSE_POP => !jump 10 --
10   	OP_LOAD => var0 (2) --
12   	OP_INT1 => 1 --
14   	OP_SUB => 1 --
15   	OP_STORE => var0 = 1 (was 2) --
17   	OP_JUMP => jumped -16 --
4    	OP_INT1 => 1 --
6    	OP_GT => False --
7    	OP_JUMP_IF_FALSE_POP => jump 10 --
20   	OP_LOAD => var0 (1) --
22   	OP_PRINT => print 1 --
__SECTION__
simulation_Err:
