compile_Out:
0 errors
__SECTION__
compile_Err:

__SECTION__
simulation_Out:
0 :	OP_INT2 => 1012 --
3 :	OP_INT1 => 12 --
5 :	OP_ADD => 1024 --
6 :	OP_INT1 => 4 --
8 :	OP_INT1 => 6 --
10 :	OP_LT => True --
11 :	OP_JUMP_IF_FALSE => (15, True) --
14 :	OP_POP => True --
15 :	OP_INT1 => 45 --
17 :	OP_INT1 => 45 --
19 :	OP_EQ => True --
20 :	OP_JUMP_IF_FALSE => (6, True) --
23 :	OP_POP => True --
24 :	OP_INT1 => 23 --
26 :	OP_INT1 => 32 --
28 :	OP_EQ => False --
29 :	OP_INT2 => 1024 --
32 :	OP_INT1 => 23 --
34 :	OP_INT1 => 32 --
36 :	OP_EQ => False --
37 :	OP_JUMP_IF_FALSE => (15, False) --
55 :	OP_INT2 => 1024 --
58 :	OP_INT1 => 3 --
60 :	OP_INT1 => 12 --
62 :	OP_MUL => 36 --
63 :	OP_INT1 => 4 --
65 :	OP_DIV => 9.0 --
66 :	OP_INT1 => 3 --
68 :	OP_INT1 => 3 --
70 :	OP_MUL => 9 --
71 :	OP_INT1 => 1 --
73 :	OP_MUL => 9 --
74 :	OP_EQ => True --
75 :	OP_JUMP_IF_FALSE => (6, True) --
78 :	OP_POP => True --
79 :	OP_INT1 => 34 --
81 :	OP_INT1 => 56 --
83 :	OP_LT => True --
84 :	OP_INT2 => 1024 --
87 :	OP_INT1 => 34 --
89 :	OP_INT1 => 11 --
91 :	OP_INT1 => 3 --
93 :	OP_MUL => 33 --
94 :	OP_EQ => False --
95 :	OP_JUMP_IF_FALSE => (8, False) --
106 :	OP_INT2 => 1024 --
__SECTION__
simulation_Err:
