compile_Out:
0 errors
__SECTION__
compile_Err:

__SECTION__
simulation_Out:
0 :	OP_INT1 => 45 --
2 :	OP_INT1 => 5 --
4 :	OP_INT1 => 8 --
6 :	OP_MUL => 40 --
7 :	OP_ADD => 85 --
8 :	OP_INT2 => 1000 --
11 :	OP_LT => True --
12 :	OP_JUMP_IF => (3, True) --
18 :	OP_STRING => hello --
25 :	OP_INT1 => 23 --
27 :	OP_ADD => hello23 --
__SECTION__
simulation_Err:
