tokenize_Out:
INT: 45, OP: +, INT: 5, OP: *, INT: 8, OP: <, INT: 1000, NAME: or, INT: 34, STRING: hello, OP: +, INT: 23, EOF: line 1
__SECTION__
tokenize_Err:

__SECTION__
compile_Out:
Error line 1, column 7 : or expression right operand is not boolean <class 'int'>
Error line 1, column 12 : operand types do not match +
2 errors
__SECTION__
compile_Err:

__SECTION__
simulation_Out:

__SECTION__
simulation_Err:
Traceback (most recent call last):
  File "C:\Users\lucco\Desktop\tests\pyLang\compiler\vm_simulator.py", line 17, in <module>
    with open(args.input,'rb') as file:
FileNotFoundError: [Errno 2] No such file or directory: 'tests/wrong_behaviour.hex'